 Plugin_Renaissance

 Timestamp is 5b812c39 (Sat Aug 25 12:15:21 2018)

 Preferred load address is 10000000

 Start         Length     Name                   Class
 0001:00000000 00010000H .textbss                DATA
 0002:00000000 00013e26H .text                   CODE
 0003:00000000 00000104H .CRT$XCA                DATA
 0003:00000104 00000104H .CRT$XCZ                DATA
 0003:00000208 00000104H .CRT$XIA                DATA
 0003:0000030c 00000104H .CRT$XIAA               DATA
 0003:00000410 00000104H .CRT$XIC                DATA
 0003:00000514 00000104H .CRT$XIZ                DATA
 0003:00000620 000018beH .rdata                  DATA
 0003:00001ee0 00000190H .rdata$debug            DATA
 0003:00002070 00000104H .rtc$IAA                DATA
 0003:00002174 00000109H .rtc$IMZ                DATA
 0003:00002280 00000104H .rtc$IZZ                DATA
 0003:00002384 00000104H .rtc$TAA                DATA
 0003:00002488 00000109H .rtc$TMZ                DATA
 0003:00002594 00000104H .rtc$TZZ                DATA
 0003:00002698 000001c2H .xdata$x                DATA
 0003:0000285a 00000000H .edata                  DATA
 0004:00000000 000004dcH .data                   DATA
 0004:000004e0 000069f0H .bss                    DATA
 0005:00000000 0000003cH .idata$2                DATA
 0005:0000003c 00000014H .idata$3                DATA
 0005:00000050 000001a4H .idata$4                DATA
 0005:000001f4 000001a4H .idata$5                DATA
 0005:00000398 00000564H .idata$6                DATA
 0006:00000000 00000169H .rsrc$01                DATA
 0006:00000170 00000280H .rsrc$02                DATA

  Address         Publics by Value              Rva+Base       Lib:Object

 0000:00000000       ___safe_se_handler_table   00000000     <absolute>
 0000:00000000       __except_list              00000000     <absolute>
 0000:00000000       ___safe_se_handler_count   00000000     <absolute>
 0000:00009876       __fltused                  00009876     <absolute>
 0000:00009876       __ldused                   00009876     <absolute>
 0000:00000000       ___ImageBase               10000000     <linker-defined>
 0001:00000000       __enc$textbss$begin        10001000     <linker-defined>
 0001:00010000       __enc$textbss$end          10011000     <linker-defined>
 0002:00000a50       ?CreateMyCodePatches@@YA_NXZ 10011a50 f   Plugin_Renaissance.obj
 0002:00000a80       ?MainPatcher@@YAHXZ        10011a80 f   Plugin_Renaissance.obj
 0002:00000aa0       ?cbInitProgram@@YAXHQAPAD@Z 10011aa0 f   Plugin_Renaissance.obj
 0002:00000b10       ?cbInitGame@@YAXXZ         10011b10 f   Plugin_Renaissance.obj
 0002:00000b40       ?cbInitLevel@@YAXHHK@Z     10011b40 f   Plugin_Renaissance.obj
 0002:00000b90       ?cbSaveMyData@@YAKPAPAEH@Z 10011b90 f   Plugin_Renaissance.obj
 0002:00000de0       ?cbLoadMyData@@YAXPAEK@Z   10011de0 f   Plugin_Renaissance.obj
 0002:00000f60       ?FreeMemoryCustomize@@YAXXZ 10011f60 f   Plugin_Renaissance.obj
 0002:00001020       ?FreeMemoryParameters@@YAXXZ 10012020 f   Plugin_Renaissance.obj
 0002:000010e0       ?FreeLevelResources@@YAXXZ 100120e0 f   Plugin_Renaissance.obj
 0002:00001140       ?cbInitLoadNewLevel@@YAXXZ 10012140 f   Plugin_Renaissance.obj
 0002:00001200       ?cbFlipEffectMine@@YAHGGGG@Z 10012200 f   Plugin_Renaissance.obj
 0002:000012b0       ?cbActionMine@@YAHGHGG@Z   100122b0 f   Plugin_Renaissance.obj
 0002:00001350       ?cbConditionMine@@YAHGHGG@Z 10012350 f   Plugin_Renaissance.obj
 0002:000013d0       ?cbCustomizeMine@@YAXGHPAF@Z 100123d0 f   Plugin_Renaissance.obj
 0002:000014c0       ?cbAssignSlotMine@@YAXGG@Z 100124c0 f   Plugin_Renaissance.obj
 0002:00001560       ?cbParametersMine@@YAXGHPAF@Z 10012560 f   Plugin_Renaissance.obj
 0002:00001650       ?GetItem@@YAXHH_N@Z        10012650 f   Plugin_Renaissance.obj
 0002:00001710       ?StepDownFix@@YAXXZ        10012710 f   Plugin_Renaissance.obj
 0002:00001830       ?BinocularsZoom@@YAXXZ     10012830 f   Plugin_Renaissance.obj
 0002:00001930       ?WideScreen@@YAXXZ         10012930 f   Plugin_Renaissance.obj
 0002:00001ad0       ?cbCycleBegin@@YAXXZ       10012ad0 f   Plugin_Renaissance.obj
 0002:00001b20       ?cbCycleEnd@@YAHXZ         10012b20 f   Plugin_Renaissance.obj
 0002:00001b70       ?PerformMyProgrAction@@YAXPAUStrProgressiveAction@@@Z 10012b70 f   Plugin_Renaissance.obj
 0002:00001bb0       ?cbProgrActionMine@@YAXXZ  10012bb0 f   Plugin_Renaissance.obj
 0002:00001c50       ?InitialiseSearchObject@@YAXH@Z 10012c50 f   Plugin_Renaissance.obj
 0002:00001d50       ?CollisionSearchObject@@YAXFPAUStrItemTr4@@PAUStrCollisionLara@@@Z 10012d50 f   Plugin_Renaissance.obj
 0002:00002310       ?SearchObjectControl@@YAXF@Z 10013310 f   Plugin_Renaissance.obj
 0002:000027f0       ?InitSearchObject1@@YAXXZ  100137f0 f   Plugin_Renaissance.obj
 0002:000028b0       ?InitSearchObject2@@YAXXZ  100138b0 f   Plugin_Renaissance.obj
 0002:00002970       ?InitSearchObject3@@YAXXZ  10013970 f   Plugin_Renaissance.obj
 0002:00002a30       ?InitSearchObject4@@YAXXZ  10013a30 f   Plugin_Renaissance.obj
 0002:00002af0       ?cbInitObjects@@YAXXZ      10013af0 f   Plugin_Renaissance.obj
 0002:00002b50       ?RequireMyCallBacks@@YA_NXZ 10013b50 f   Plugin_Renaissance.obj
 0002:00002e20       ?InitializeAll@@YA_NXZ     10013e20 f   Plugin_Renaissance.obj
 0002:000031c0       ?ReleaseAll@@YAXXZ         100141c0 f   Plugin_Renaissance.obj
 0002:00003210       _DllMain@12                10014210 f   Plugin_Renaissance.obj
 0002:000032d0       ?InitialiseEnums@@YAXXZ    100142d0 f   trng.obj
 0002:000077b0       ?Service@@YAHKZZ           100187b0 f   trng.obj
 0002:00007820       ?CreateNewMoveable@@YAFGKHKH@Z 10018820 f   trng.obj
 0002:00007890       ?DeleteNewMoveable@@YAXF@Z 10018890 f   trng.obj
 0002:000078f0       ?CreateAIObject@@YAHGKHKGHF@Z 100188f0 f   trng.obj
 0002:00007970       ?DeleteAIObject@@YAXGG_N@Z 10018970 f   trng.obj
 0002:000079d0       ?DeleteParamCommand@@YAXHH@Z 100189d0 f   trng.obj
 0002:00007a30       ?DeleteTriggerGroup@@YAXH@Z 10018a30 f   trng.obj
 0002:00007a80       ?DeleteColorRgb@@YAXH@Z    10018a80 f   trng.obj
 0002:00007ad0       ?DeleteMultEnvCondition@@YAXH@Z 10018ad0 f   trng.obj
 0002:00007b20       ?DeleteTestPosition@@YAXH@Z 10018b20 f   trng.obj
 0002:00007b70       ?DeleteAddEffect@@YAXH@Z   10018b70 f   trng.obj
 0002:00007bc0       ?DisableSaving@@YAXH@Z     10018bc0 f   trng.obj
 0002:00007c10       ?AbsDiff@@YAHKK@Z          10018c10 f   trng.obj
 0002:00007c70       ?AbsDiffY@@YAHHH@Z         10018c70 f   trng.obj
 0002:00007cd0       ?AbsDiffO@@YAHFF@Z         10018cd0 f   trng.obj
 0002:00007da0       ?SendToLog@@YA_NPADZZ      10018da0 f   trng.obj
 0002:00007e40       ?LogOnDebug@@YA_NPADZZ     10018e40 f   trng.obj
 0002:00007ef0       ?Float2Int@@YAHM@Z         10018ef0 f   trng.obj
 0002:00007f80       ?GetDistanceXZY@@YAHKHKKHK@Z 10018f80 f   trng.obj
 0002:000080e0       ?pow@@YAMMH@Z              100190e0 f i trng.obj
 0002:00008140       ?sqrt@@YAMM@Z              10019140 f i trng.obj
 0002:000081a0       _sqrtf                     100191a0 f i trng.obj
 0002:00008210       ?GetDistanceXZ@@YAHKKKK@Z  10019210 f   trng.obj
 0002:00008340       ?GetMaxDistance@@YAHPAK0_N@Z 10019340 f   trng.obj
 0002:00008470       ?ForceAnimationForItem@@YAXPAUStrItemTr4@@HH@Z 10019470 f   trng.obj
 0002:000084d0       ?PrintText@@YAXHHPADGHG@Z  100194d0 f   trng.obj
 0002:00008540       ?ForceAnimationForLara@@YAXHH@Z 10019540 f   trng.obj
 0002:00008670       ?DistanceProp@@YAHHH@Z     10019670 f   trng.obj
 0002:000086d0       ?FromNgleIndexToTomb4Index@@YAHH@Z 100196d0 f   trng.obj
 0002:00008720       ?FromStaticIndicesToNgleIndex@@YAHHH@Z 10019720 f   trng.obj
 0002:000087e0       ?CreateNgleStaticIndex@@YAHHH@Z 100197e0 f   trng.obj
 0002:00008850       ?UpdateItemRoom@@YA_NH@Z   10019850 f   trng.obj
 0002:000089b0       ?CheckPositionAlignment@@YA_NPAUStrTestPositionCmd@@H@Z 100199b0 f   trng.obj
 0002:00008a50       ?SignalMovedItem@@YAXH@Z   10019a50 f   trng.obj
 0002:00008aa0       ?BackupLara@@YAXPAUStrBackupLara@@PAUStrItemTr4@@@Z 10019aa0 f   trng.obj
 0002:00008ba0       ?RestoreLara@@YAXPAUStrBackupLara@@PAUStrItemTr4@@@Z 10019ba0 f   trng.obj
 0002:00008ca0       ?StartMoveItem@@YA_NH@Z    10019ca0 f   trng.obj
 0002:00008d00       ?EndMoveItem@@YAXH@Z       10019d00 f   trng.obj
 0002:00008d50       ?AlignLaraAtPosition@@YA_NPAUStrTestPositionCmd@@H@Z 10019d50 f   trng.obj
 0002:000091a0       ?ClearMemory@@YAXPAXK@Z    1001a1a0 f   trng.obj
 0002:00009200       ?IsCollideWithMoveable@@YA_NHHH@Z 1001a200 f   trng.obj
 0002:00009560       ?FromNgleStaticIndexToTomb4Indices@@YA_NHPAH0@Z 1001a560 f   trng.obj
 0002:00009610       ?IsCollidingWithSomeItem@@YA_NHKHKHHHHH@Z 1001a610 f   trng.obj
 0002:00009760       ?IsCollideWithStatic@@YA_NHHHH@Z 1001a760 f   trng.obj
 0002:00009ae0       ?GetAlignedOrient@@YAFF_NPAH@Z 1001aae0 f   trng.obj
 0002:00009d30       ?GetIncrements@@YAXGPAH0H@Z 1001ad30 f   trng.obj
 0002:00009e50       ?PerformTriggerGroup@@YAHH@Z 1001ae50 f   trng.obj
 0002:00009ea0       ?GetCurrentFrame@@YAHPAUStrItemTr4@@@Z 1001aea0 f   trng.obj
 0002:00009f10       ?SetCurrentFrame@@YAXPAUStrItemTr4@@H@Z 1001af10 f   trng.obj
 0002:00009f80       ?SetCamera@@YAXHHHH@Z      1001af80 f   trng.obj
 0002:0000a110       ?TestEnvCondition@@YA_NHHHHH@Z 1001b110 f   trng.obj
 0002:0000a300       ?IsGraySector@@YA_NPAX@Z   1001b300 f   trng.obj
 0002:0000a360       ?FindClimbStatus@@YAGPAG@Z 1001b360 f   trng.obj
 0002:0000a430       ?FindFloorType@@YA_NPAGG@Z 1001b430 f   trng.obj
 0002:0000a4d0       ?FormatText@@YAPADPADZZ    1001b4d0 f   trng.obj
 0002:0000a550       ?MyMessageBox@@YAXPAD0@Z   1001b550 f   trng.obj
 0002:0000a5c0       ?TryMessageBox@@YA_NPAD@Z  1001b5c0 f   trng.obj
 0002:0000a640       ?IsFullScreenMode@@YA_NXZ  1001b640 f   trng.obj
 0002:0000a6b0       ?ApplyCodePatch@@YAHKPAEH@Z 1001b6b0 f   trng.obj
 0002:0000a790       ?ApplyRelocatorPatch@@YAHKPAEHKK@Z 1001b790 f   trng.obj
 0002:0000a880       ?ApplyCallPatch@@YAHPAKHK@Z 1001b880 f   trng.obj
 0002:0000a950       ?ApplyParametricPatch@@YAHPAUStrParamPatch@@HH@Z 1001b950 f   trng.obj
 0002:0000aa20       ?ApplyRestoreCodePatch@@YAHKK@Z 1001ba20 f   trng.obj
 0002:0000ab00       ?SetReservedDataZone@@YA_NKK@Z 1001bb00 f   trng.obj
 0002:0000ab70       ?CompareTrngVersion@@YAHQAG@Z 1001bb70 f   trng.obj
 0002:0000ac30       ?FindSkipPhase@@YAKXZ      1001bc30 f   trng.obj
 0002:0000ae50       ?FindPluginID@@YAHQAD@Z    1001be50 f   trng.obj
 0002:0000af10       ?PerformExportedTrigger@@YA_NPADHHH@Z 1001bf10 f   trng.obj
 0002:0000afc0       ?PerformFlipeffect@@YA_NPADHHH@Z 1001bfc0 f   trng.obj
 0002:0000b070       ?PerformActionTrigger@@YAXPADHHH@Z 1001c070 f   trng.obj
 0002:0000b130       ?PerformConditionTrigger@@YA_NPADHHH@Z 1001c130 f   trng.obj
 0002:0000b200       ?ReadDxInput@@YAKXZ        1001c200 f   trng.obj
 0002:0000b250       ?ReadInputBox@@YAHPAUHDC__@@PAUtagRECT@@QADKGH@Z 1001c250 f   trng.obj
 0002:0000b2c0       ?SuspendAudioTrack@@YAXH_N@Z 1001c2c0 f   trng.obj
 0002:0000b320       ?ResumeAudioTrack@@YAXXZ   1001c320 f   trng.obj
 0002:0000b370       ?CreateWindowsFont@@YAPAUHFONT__@@PAUStrWindowsFont@@_N@Z 1001c370 f   trng.obj
 0002:0000b3d0       ?FreeWindowsFont@@YAXPAUStrWindowsFont@@@Z 1001c3d0 f   trng.obj
 0002:0000b420       ?CallFromTrng@@YAHXZ       1001c420 f   trng.obj
 0002:0000b430       ?GetTrngInfo@@YAXXZ        1001c430 f   trng.obj
 0002:0000b4e0       ?GetMemory@@YAPAXK@Z       1001c4e0 f   trng.obj
 0002:0000b550       ?ResizeMemory@@YAPAXPAXK@Z 1001c550 f   trng.obj
 0002:0000b5d0       ?AddNGToken@@YAXGKKPAXPAPAGPAH@Z 1001c5d0 f   trng.obj
 0002:0000b950       ?AddTokenFinalSequence@@YAXPAPAGPAH@Z 1001c950 f   trng.obj
 0002:0000ba30       ?ParseNgField@@YA_NPAGKPAUStrParseNGField@@@Z 1001ca30 f   trng.obj
 0002:0000bb70       ?GetString@@YAPADH@Z       1001cb70 f   trng.obj
 0002:0000bc70       ?FromTomb4IndexToNgleIndex@@YAHH@Z 1001cc70 f   trng.obj
 0002:0000bcf0       ?FileLenght@@YAJPAU_iobuf@@@Z 1001ccf0 f   trng.obj
 0002:0000bda0       ?IsThereFile@@YA_NPAD@Z    1001cda0 f   trng.obj
 0002:0000bed0       ?FreeMemory@@YAXPAX@Z      1001ced0 f   trng.obj
 0002:0000bf30       ?GetCallBack@@YA_NHHGPAX@Z 1001cf30 f   trng.obj
 0002:0000bfa0       ?LoadFile@@YAPAEPADPAK@Z   1001cfa0 f   trng.obj
 0002:0000c0e0       ?GetRoomOff@@YAPAXHK@Z     1001d0e0 f   trng.obj
 0002:0000c150       ?GetItemOff@@YAPAXHK@Z     1001d150 f   trng.obj
 0002:0000c1c0       ?GetStaticOff@@YAPAXHHK@Z  1001d1c0 f   trng.obj
 0002:0000c240       ?ConvNgleStaticIndex@@YAKG@Z 1001d240 f   trng.obj
 0002:0000c2c0       ?SendErrorToDiskLog@@YAXPADK_N@Z 1001d2c0 f   trng.obj
 0002:0000c320       ?ConvertMicroUnits@@YAXPAUtagRECT@@@Z 1001d320 f   trng.obj
 0002:0000c370       ?AllocateImage@@YA_NHPAUStrRecordImage@@HH@Z 1001d370 f   trng.obj
 0002:0000c3e0       ?FreeImage@@YAXPAUStrRecordImage@@@Z 1001d3e0 f   trng.obj
 0002:0000c430       ?AllocateTombHdc@@YA_NPAUStrShowImage@@_N1@Z 1001d430 f   trng.obj
 0002:0000c4a0       ?DrawSprite2D@@YAXPAUtagRECT@@GHEK@Z 1001d4a0 f   trng.obj
 0002:0000c510       ?DrawMesh3D@@YAXPAUStrPos3d@@H@Z 1001d510 f   trng.obj
 0002:0000c570       ?DrawObject2D@@YAXGHHGGGH@Z 1001d570 f   trng.obj
 0002:0000c5f0       ?FreeTombHdc@@YAXPAUStrShowImage@@_N@Z 1001d5f0 f   trng.obj
 0002:0000c650       ?CheckControlGlobTomb4@@YA_NXZ 1001d650 f   trng.obj
 0002:0000c6d0       ?GetNewProgrAction@@YAPAUStrProgressiveAction@@XZ 1001d6d0 f   trng.obj
 0002:0000c7e0       ?GetColorRgb@@YAKFK_NPAD@Z 1001d7e0 f   trng.obj
 0002:0000c940       ?ConvertFromStrItemToItemIndex@@YAHPAUStrItemTr4@@@Z 1001d940 f   trng.obj
 0002:0000c9e0       ?ReadNumVariable@@YAHH@Z   1001d9e0 f   trng.obj
 0002:0000ca30       ?WriteNumVariable@@YAXHH@Z 1001da30 f   trng.obj
 0002:0000ca90       ?ReadTextVariable@@YAPADH@Z 1001da90 f   trng.obj
 0002:0000caf0       ?WriteTextVariable@@YAXHPAD@Z 1001daf0 f   trng.obj
 0002:0000cb40       ?ReadMemVariable@@YAHH@Z   1001db40 f   trng.obj
 0002:0000cb90       ?WriteMemVariable@@YAXHH@Z 1001db90 f   trng.obj
 0002:0000cbf0       ?GetRelAnim@@YAHPAUStrItemTr4@@H@Z 1001dbf0 f   trng.obj
 0002:0000cc60       ?GetAbsAnim@@YAHPAUStrItemTr4@@H@Z 1001dc60 f   trng.obj
 0002:0000ccd0       ?ConvertTombRoomIndex2NgleIndex@@YAHH@Z 1001dcd0 f   trng.obj
 0002:0000cd50       ?Convert@@YAHHHHPAX@Z      1001dd50 f   trng.obj
 0002:0000d040       ?Get@@YA_NHHH@Z            1001e040 f   trng.obj
 0002:0000edf0       ?Find@@YA_NHFFFHPAX@Z      1001fdf0 f   trng.obj
 0002:00010280       ?DetectedGlobalTriggerEvent@@YA_NHH_N@Z 10021280 f   trng.obj
 0002:000102f0       ?GetDirection@@YAGKKKK@Z   100212f0 f   trng.obj
 0002:00010380       ?CheckDirection@@YA_NPAUStrItemTr4@@HHHFF@Z 10021380 f   trng.obj
 0002:000107f0       ?GetSlopeDirection@@YAFXZ  100217f0 f   trng.obj
 0002:00010900       ?CheckFloor@@YA_NKHKH@Z    10021900 f   trng.obj
 0002:00010c70       ??$_Pow_int@M@@YAMMH@Z     10021c70 f i trng.obj
 0002:00010d30       _MessageBoxA@16            10021d30 f   user32:USER32.dll
 0002:00010d40       __RTC_InitBase             10021d40 f   MSVCRTD:_init_.obj
 0002:00010d80       __RTC_Shutdown             10021d80 f   MSVCRTD:_init_.obj
 0002:00010da0       __RTC_CheckEsp             10021da0 f   MSVCRTD:_stack_.obj
 0002:00010dd0       @_RTC_CheckStackVars@8     10021dd0 f   MSVCRTD:_stack_.obj
 0002:00010e50       @_RTC_AllocaHelper@12      10021e50 f   MSVCRTD:_stack_.obj
 0002:00010e90       @_RTC_CheckStackVars2@12   10021e90 f   MSVCRTD:_stack_.obj
 0002:00010f9a       _memcpy                    10021f9a f   MSVCRTD:MSVCR100D.dll
 0002:00010fa0       __ftol2_sse                10021fa0 f   MSVCRTD:ftol2.obj
 0002:00010fa9       __ftol2_pentium4           10021fa9 f   MSVCRTD:ftol2.obj
 0002:00010fbc       __ftol2_sse_excpt          10021fbc f   MSVCRTD:ftol2.obj
 0002:00010fd6       __ftol2                    10021fd6 f   MSVCRTD:ftol2.obj
 0002:00011080       @__security_check_cookie@4 10022080 f   MSVCRTD:secchk.obj
 0002:00011092       _abs                       10022092 f   MSVCRTD:MSVCR100D.dll
 0002:00011098       _vsprintf                  10022098 f   MSVCRTD:MSVCR100D.dll
 0002:0001109e       _sqrt                      1002209e f   MSVCRTD:MSVCR100D.dll
 0002:000110b0       ?_RTC_Failure@@YAXPAXH@Z   100220b0 f   MSVCRTD:_error_.obj
 0002:00011540       ?_RTC_StackFailure@@YAXPAXPBD@Z 10022540 f   MSVCRTD:_error_.obj
 0002:00011680       ?_RTC_AllocaFailure@@YAXPAXPAU_RTC_ALLOCA_NODE@@H@Z 10022680 f   MSVCRTD:_error_.obj
 0002:00011890       __RTC_UninitUse            10022890 f   MSVCRTD:_error_.obj
 0002:000119b4       _memset                    100229b4 f   MSVCRTD:MSVCR100D.dll
 0002:000119ba       _strcpy                    100229ba f   MSVCRTD:MSVCR100D.dll
 0002:000119c0       _malloc                    100229c0 f   MSVCRTD:MSVCR100D.dll
 0002:000119c6       _realloc                   100229c6 f   MSVCRTD:MSVCR100D.dll
 0002:000119cc       _ftell                     100229cc f   MSVCRTD:MSVCR100D.dll
 0002:000119d2       _fseek                     100229d2 f   MSVCRTD:MSVCR100D.dll
 0002:000119d8       __stat64i32                100229d8 f   MSVCRTD:MSVCR100D.dll
 0002:000119de       _free                      100229de f   MSVCRTD:MSVCR100D.dll
 0002:000119e4       _fread                     100229e4 f   MSVCRTD:MSVCR100D.dll
 0002:000119ea       _fclose                    100229ea f   MSVCRTD:MSVCR100D.dll
 0002:000119f0       _fopen                     100229f0 f   MSVCRTD:MSVCR100D.dll
 0002:00011aa0       __CRT_INIT@12              10022aa0 f   MSVCRTD:crtdll.obj
 0002:00011e50       _NtCurrentTeb              10022e50 f i MSVCRTD:crtdll.obj
 0002:00011e60       __DllMainCRTStartup@12     10022e60 f   MSVCRTD:crtdll.obj
 0002:000120e0       __RTC_NumErrors            100230e0 f   MSVCRTD:_userapi_.obj
 0002:000120f0       __RTC_GetErrDesc           100230f0 f   MSVCRTD:_userapi_.obj
 0002:00012110       __RTC_SetErrorType         10023110 f   MSVCRTD:_userapi_.obj
 0002:00012140       __RTC_SetErrorFunc         10023140 f   MSVCRTD:_userapi_.obj
 0002:00012170       __RTC_SetErrorFuncW        10023170 f   MSVCRTD:_userapi_.obj
 0002:000121a0       ?_RTC_GetErrorFunc@@YAP6AHHPBDH00ZZPBX@Z 100231a0 f   MSVCRTD:_userapi_.obj
 0002:000121b0       ?_RTC_GetErrorFuncW@@YAP6AHHPB_WH00ZZPBX@Z 100231b0 f   MSVCRTD:_userapi_.obj
 0002:000121b6       __CRT_RTC_INITW            100231b6 f   MSVCRTD:MSVCR100D.dll
 0002:000121c0       ___sse2_available_init     100231c0 f   MSVCRTD:cpu_disp.obj
 0002:000121e0       ___report_gsfailure        100231e0 f   MSVCRTD:gs_report.obj
 0002:00012340       ?_RTC_GetSrcLine@@YAHPAEPA_WKPAH1K@Z 10023340 f   MSVCRTD:_pdblkup_.obj
 0002:00012920       __except_handler4          10023920 f   MSVCRTD:chandler4gs.obj
 0002:00012960       ___clean_type_info_names   10023960 f   MSVCRTD:tncleanup.obj
 0002:00012980       __onexit                   10023980 f   MSVCRTD:atonexit.obj
 0002:00012ab0       _atexit                    10023ab0 f   MSVCRTD:atonexit.obj
 0002:00012ae0       __RTC_Initialize           10023ae0 f   MSVCRTD:_initsect_.obj
 0002:00012b10       __RTC_Terminate            10023b10 f   MSVCRTD:_initsect_.obj
 0002:00012b40       __malloc_dbg               10023b40 f   MSVCRTD:MSVCR100D.dll
 0002:00012b46       __free_dbg                 10023b46 f   MSVCRTD:MSVCR100D.dll
 0002:00012b4c       __encoded_null             10023b4c f   MSVCRTD:MSVCR100D.dll
 0002:00012b52       __CrtSetCheckCount         10023b52 f   MSVCRTD:MSVCR100D.dll
 0002:00012b60       __ValidateImageBase        10023b60 f   MSVCRTD:pesect.obj
 0002:00012be0       __FindPESection            10023be0 f   MSVCRTD:pesect.obj
 0002:00012c80       __IsNonwritableInCurrentImage 10023c80 f   MSVCRTD:pesect.obj
 0002:00012dd6       __initterm                 10023dd6 f   MSVCRTD:MSVCR100D.dll
 0002:00012ddc       __initterm_e               10023ddc f   MSVCRTD:MSVCR100D.dll
 0002:00012de2       __amsg_exit                10023de2 f   MSVCRTD:MSVCR100D.dll
 0002:00012df0       ___security_init_cookie    10023df0 f   MSVCRTD:gs_support.obj
 0002:00012f08       ___CppXcptFilter           10023f08 f   MSVCRTD:MSVCR100D.dll
 0002:00012f0e       __crt_debugger_hook        10023f0e f   MSVCRTD:MSVCR100D.dll
 0002:00012f14       __except_handler4_common   10023f14 f   MSVCRTD:MSVCR100D.dll
 0002:00012f1a       ___clean_type_info_names_internal 10023f1a f   MSVCRTD:MSVCR100D.dll
 0002:00012f20       __unlock                   10023f20 f   MSVCRTD:MSVCR100D.dll
 0002:00012f26       ___dllonexit               10023f26 f   MSVCRTD:MSVCR100D.dll
 0002:00012f2c       __lock                     10023f2c f   MSVCRTD:MSVCR100D.dll
 0002:00012f32       _WideCharToMultiByte@32    10023f32 f   kernel32:KERNEL32.dll
 0002:00012f38       _IsDebuggerPresent@0       10023f38 f   kernel32:KERNEL32.dll
 0002:00012f3e       _MultiByteToWideChar@24    10023f3e f   kernel32:KERNEL32.dll
 0002:00012f44       _RaiseException@16         10023f44 f   kernel32:KERNEL32.dll
 0002:00012f4a       _lstrlenA@4                10023f4a f   kernel32:KERNEL32.dll
 0002:00012f50       _GetProcAddress@8          10023f50 f   kernel32:KERNEL32.dll
 0002:00012f56       _LoadLibraryW@4            10023f56 f   kernel32:KERNEL32.dll
 0002:00012f5c       _EncodePointer@4           10023f5c f   kernel32:KERNEL32.dll
 0002:00012f62       _DecodePointer@4           10023f62 f   kernel32:KERNEL32.dll
 0002:00012f68       _InterlockedExchange@8     10023f68 f   kernel32:KERNEL32.dll
 0002:00012f6e       _Sleep@4                   10023f6e f   kernel32:KERNEL32.dll
 0002:00012f74       _InterlockedCompareExchange@12 10023f74 f   kernel32:KERNEL32.dll
 0002:00012f7a       _IsProcessorFeaturePresent@4 10023f7a f   kernel32:KERNEL32.dll
 0002:00012f80       _TerminateProcess@8        10023f80 f   kernel32:KERNEL32.dll
 0002:00012f86       _GetCurrentProcess@0       10023f86 f   kernel32:KERNEL32.dll
 0002:00012f8c       _UnhandledExceptionFilter@4 10023f8c f   kernel32:KERNEL32.dll
 0002:00012f92       _SetUnhandledExceptionFilter@4 10023f92 f   kernel32:KERNEL32.dll
 0002:00012f98       _HeapFree@12               10023f98 f   kernel32:KERNEL32.dll
 0002:00012f9e       _HeapAlloc@12              10023f9e f   kernel32:KERNEL32.dll
 0002:00012fa4       _GetProcessHeap@0          10023fa4 f   kernel32:KERNEL32.dll
 0002:00012faa       _GetModuleFileNameW@12     10023faa f   kernel32:KERNEL32.dll
 0002:00012fb0       _VirtualQuery@12           10023fb0 f   kernel32:KERNEL32.dll
 0002:00012fb6       _FreeLibrary@4             10023fb6 f   kernel32:KERNEL32.dll
 0002:00012fbc       _QueryPerformanceCounter@4 10023fbc f   kernel32:KERNEL32.dll
 0002:00012fc2       _GetTickCount@0            10023fc2 f   kernel32:KERNEL32.dll
 0002:00012fc8       _GetCurrentThreadId@0      10023fc8 f   kernel32:KERNEL32.dll
 0002:00012fce       _GetCurrentProcessId@0     10023fce f   kernel32:KERNEL32.dll
 0002:00012fd4       _GetSystemTimeAsFileTime@4 10023fd4 f   kernel32:KERNEL32.dll
 0002:00012fda       __stricmp                  10023fda f   MSVCRTD:MSVCR100D.dll
 0003:00000000       ___xc_a                    10025000     MSVCRTD:cinitexe.obj
 0003:00000104       ___xc_z                    10025104     MSVCRTD:cinitexe.obj
 0003:00000208       ___xi_a                    10025208     MSVCRTD:cinitexe.obj
 0003:00000514       ___xi_z                    10025514     MSVCRTD:cinitexe.obj
 0003:00000640       ??_C@_0FK@EILPCEPB@WARNING?3?5Flipeffect?5trigger?5numb@ 10025640     Plugin_Renaissance.obj
 0003:000006b0       ??_C@_0FC@EJBFAEPG@WARNING?3?5action?5trigger?5number?5?$CF@ 100256b0     Plugin_Renaissance.obj
 0003:00000718       ??_C@_0FI@MMJMIBOA@WARNING?3?5condition?5trigger?5numbe@ 10025718     Plugin_Renaissance.obj
 0003:00000784       ??_C@_0DI@KFLAGLEP@ERROR?3?5too?5many?5AssignSlot?$DN?5comm@ 10025784     Plugin_Renaissance.obj
 0003:000007c8       __real@4044000000000000    100257c8     Plugin_Renaissance.obj
 0003:000007d8       __real@403e000000000000    100257d8     Plugin_Renaissance.obj
 0003:000007f0       __real@3fe0000000000000    100257f0     trng.obj
 0003:00000800       __real@0000000000000000    10025800     trng.obj
 0003:0000080c       ??_C@_0CM@HFDDJGMI@ERROR?3?5missing?5animation?5number?5@ 1002580c     trng.obj
 0003:00000840       ??_C@_0FE@OBHJENKO@ERROR?3?5cann?8t?5find?5the?5ngle?5stat@ 10025840     trng.obj
 0003:000008a4       ??_C@_0DK@IAPOPOKF@ERROR?3?5static?5ngle?5index?5?$DN?5?$CFd?5is@ 100258a4     trng.obj
 0003:000008f0       ??_C@_0EK@GFPCLJHC@ERROR?3?5GetAlignedOrient?$CI?$CJ?3?5no?5al@ 100258f0     trng.obj
 0003:00000948       ??_C@_0CC@BEHLMMOJ@ERROR?3?5cann?8t?5locate?5plugin?3?5?$CC?$CFs@ 10025948     trng.obj
 0003:00000970       ??_C@_0GN@CMHLICFP@WARNING?3?5in?5AddNGToken?$CI?$CJ?3?5Size?5o@ 10025970     trng.obj
 0003:000009f4       ??_C@_0DP@MGGJAMLA@ERROR?3?5the?5tomb4?5index?5?$CFd?5doesn?8@ 100259f4     trng.obj
 0003:00000a40       ??_C@_02JDPG@rb?$AA@       10025a40     trng.obj
 0003:00000a48       ??_C@_0FC@LGLKDBFF@ERROR?3?5failed?5check?5of?5alignment@ 10025a48     trng.obj
 0003:00000ab0       ??_C@_0EN@EBIKAGHH@INTERNAL?5ERROR?3?5not?5found?5the?5Co@ 10025ab0     trng.obj
 0003:00000b10       ??_C@_0EH@DLBKKJCI@ERROR?5it?5has?5not?5been?5set?5the?5ID@ 10025b10     trng.obj
 0003:00000b68       ??_C@_0FK@GKKFMDDI@ERROR?3?5required?5conversion?5from?5@ 10025b68     trng.obj
 0003:00000bd4       ??_C@_0DJ@ECJKDKJD@WARNING?3?5unknown?5CONV_?5value?5?$CI?$CFd@ 10025bd4     trng.obj
 0003:00000c18       ??_C@_0DI@DEBNJFPA@ERROR?3?5unknown?5meaning?5of?5GET_?5c@ 10025c18     trng.obj
 0003:00000c60       ??_C@_0EN@GIKIANME@ERROR?3?5Get?$CIGET_SLOT?$CJ?5Invalid?5ind@ 10025c60     trng.obj
 0003:00000cc0       ??_C@_0EO@OCOFIECI@ERROR?3?5Get?$CIGET_CAMERA_FLY?$CJ?0?5inva@ 10025cc0     trng.obj
 0003:00000d20       ??_C@_0EK@DFOFGCKG@ERROR?3?5Get?$CIGET_CAMERA?$CJ?0?5invalid?5@ 10025d20     trng.obj
 0003:00000d78       ??_C@_0FB@NIKDIKMG@ERROR?3?5Get?$CIGET_LIGHT?$CJ?5invalid?5Se@ 10025d78     trng.obj
 0003:00000de0       ??_C@_0EN@IINEOOAJ@ERROR?3?5Get?$CIGET_LIGHT?$CJ?5invalid?5ro@ 10025de0     trng.obj
 0003:00000e40       ??_C@_0EK@GOOBMJEN@ERROR?3?5Get?$CIGET_AI_ITEM?$CJ?5invalid?5@ 10025e40     trng.obj
 0003:00000e98       ??_C@_0FM@KHLDPOBM@ERROR?3?5Get?$CIGET_BIG_NUMBER?$CJ?5inval@ 10025e98     trng.obj
 0003:00000f08       ??_C@_0EA@IEIDMNEG@WARNING?3?5not?5found?5my?5CUSTOMIZE?5@ 10025f08     trng.obj
 0003:00000f58       ??_C@_0EI@CNKPJEBI@ERROR?3?5not?5found?5my?5PARAMETERS?5o@ 10025f58     trng.obj
 0003:00000fb0       ??_C@_0FE@CGMNPFNF@ERROR?3?5Get?$CIGET_DOOR_OF_ROOM?$CJ?5inv@ 10025fb0     trng.obj
 0003:00001018       ??_C@_0FO@LCPLCGCJ@ERROR?3?5Get?$CIGET_STATIC_COLL?1VIEW_@ 10026018     trng.obj
 0003:00001088       ??_C@_0FN@HCAHGEMN@ERROR?3?5Get?$CIGET_STATIC_COLL?1?1VIEW@ 10026088     trng.obj
 0003:000010f8       ??_C@_0FA@KOJKINJA@ERROR?3?5Get?$CIGET_COLL_BOX?$CJ?5invalid@ 100260f8     trng.obj
 0003:00001158       ??_C@_0P@MLPNHJIJ@Get?$CI?$CJ?5function?$AA@ 10026158     trng.obj
 0003:00001170       ??_C@_0EH@KLJPBKDN@ERROR?3?5Get?$CIGET_ROOM?$CJ?5invalid?5ind@ 10026170     trng.obj
 0003:000011c8       ??_C@_0FA@OLEPCMLI@ERROR?3?5Get?$CIGET_STATIC?$CJ?5Invalid?5s@ 100261c8     trng.obj
 0003:00001228       ??_C@_0EO@LBHMNKCM@ERROR?3?5Get?$CIGET_STATIC?$CJ?5Invalid?5r@ 10026228     trng.obj
 0003:00001288       ??_C@_0EM@KFPEOBDF@ERROR?3?5Get?$CIGET_ITEM?$CJ?5invalid?5ite@ 10026288     trng.obj
 0003:000012e4       ??_C@_0DM@KNMGNNCA@ERROR?3?5in?5Get?$CIFIND_ITEMS_SECTOR?0@ 100262e4     trng.obj
 0003:0000132c       ??_C@_0DM@HFEHHMNJ@ERROR?3?5in?5Get?$CIFIND_ITEMS_NEARBY?0@ 1002632c     trng.obj
 0003:00001374       ??_C@_0DO@HKNFJDMA@ERROR?3?5in?5Get?$CIFIND_STATICS_NEARB@ 10026374     trng.obj
 0003:000013c0       ??_C@_0DO@KCFEDCDJ@ERROR?3?5in?5Get?$CIFIND_STATICS_SECTO@ 100263c0     trng.obj
 0003:00001410       __real@3ff0000000000000    10026410     trng.obj
 0003:0000141c       __real@3f800000            1002641c     trng.obj
 0003:00001420       ??_C@_0BO@GNIAFIKK@Unknown?5Runtime?5Check?5Error?6?$AN?$AA@ 10026420     MSVCRTD:_error_.obj
 0003:00001444       ??_C@_0CM@NGINOKPC@Stack?5memory?5around?5_alloca?5was?5@ 10026444     MSVCRTD:_error_.obj
 0003:00001478       ??_C@_0DG@HKJMLLLP@A?5local?5variable?5was?5used?5before@ 10026478     MSVCRTD:_error_.obj
 0003:000014b8       ??_C@_0BN@FFOINMNJ@Stack?5memory?5was?5corrupted?6?$AN?$AA@ 100264b8     MSVCRTD:_error_.obj
 0003:000014e0       ??_C@_0BBN@GPMLNJCF@A?5cast?5to?5a?5smaller?5data?5type?5ha@ 100264e0     MSVCRTD:_error_.obj
 0003:00001638       ??_C@_0NN@NGPKDKPD@The?5value?5of?5ESP?5was?5not?5properl@ 10026638     MSVCRTD:_error_.obj
 0003:00001800       ??_C@_0CA@IODNCDPG@Run?9Time?5Check?5Failure?5?$CD?$CFd?5?9?5?$CFs?$AA@ 10026800     MSVCRTD:_error_.obj
 0003:00001828       ??_C@_0BE@GNBOBNCK@Unknown?5Module?5Name?$AA@ 10026828     MSVCRTD:_error_.obj
 0003:00001840       ??_C@_0BB@PFFGGCJP@Unknown?5Filename?$AA@ 10026840     MSVCRTD:_error_.obj
 0003:00001858       ??_C@_1EA@NFKNIFJP@?$AAR?$AAu?$AAn?$AA?9?$AAT?$AAi?$AAm?$AAe?$AA?5?$AAC?$AAh?$AAe?$AAc?$AAk?$AA?5?$AAF?$AAa?$AAi?$AAl?$AAu?$AAr?$AAe?$AA?5?$AA?$CD?$AA?$CF?$AAd?$AA?5?$AA?9?$AA?5?$AA?$CF?$AAs?$AA?$AA@ 10026858     MSVCRTD:_error_.obj
 0003:000018a8       ??_C@_1GM@OLMCBDMB@?$AAR?$AAu?$AAn?$AAt?$AAi?$AAm?$AAe?$AA?5?$AAC?$AAh?$AAe?$AAc?$AAk?$AA?5?$AAE?$AAr?$AAr?$AAo?$AAr?$AA?4?$AA?6?$AA?$AN?$AA?5?$AAU?$AAn?$AAa?$AAb?$AAl?$AAe?$AA?5?$AAt?$AAo@ 100268a8     MSVCRTD:_error_.obj
 0003:0000192c       ??_C@_0CG@IAFNJNEE@Stack?5corrupted?5near?5unknown?5var@ 1002692c     MSVCRTD:_error_.obj
 0003:00001960       ??_C@_0EJ@LJKNEOLN@Stack?5area?5around?5_alloca?5memory@ 10026960     MSVCRTD:_error_.obj
 0003:000019b8       ??_C@_08KJEDNCKC@?$CFs?$CFs?$CFs?$CFs?$AA@ 100269b8     MSVCRTD:_error_.obj
 0003:000019c4       ??_C@_02LLMPMKNF@?$DO?5?$AA@ 100269c4     MSVCRTD:_error_.obj
 0003:000019c8       ??_C@_01EEMJAFIK@?6?$AA@   100269c8     MSVCRTD:_error_.obj
 0003:000019cc       ??_C@_0BC@KIBAILCI@?$CFs?$CFs?$CFp?$CFs?$CFld?$CFs?$CFd?$CFs?$AA@ 100269cc     MSVCRTD:_error_.obj
 0003:000019e8       ??_C@_0EI@CLEPFNGI@Stack?5area?5around?5_alloca?5memory@ 100269e8     MSVCRTD:_error_.obj
 0003:00001a40       ??_C@_0N@MHFFIMFG@?6Address?3?50x?$AA@ 10026a40     MSVCRTD:_error_.obj
 0003:00001a50       ??_C@_07DFDJCKFN@?6Size?3?5?$AA@ 10026a50     MSVCRTD:_error_.obj
 0003:00001a5c       ??_C@_0CK@DKGBICFE@?6Allocation?5number?5within?5this?5f@ 10026a5c     MSVCRTD:_error_.obj
 0003:00001a90       ??_C@_08OMAHNMHJ@?6Data?3?5?$DM?$AA@ 10026a90     MSVCRTD:_error_.obj
 0003:00001a9c       ??_C@_09FOPFMPEJ@wsprintfA?$AA@ 10026a9c     MSVCRTD:_error_.obj
 0003:00001aa8       ??_C@_1BG@OILDLIOJ@?$AAu?$AAs?$AAe?$AAr?$AA3?$AA2?$AA?4?$AAd?$AAl?$AAl?$AA?$AA@ 10026aa8     MSVCRTD:_error_.obj
 0003:00001ac4       ??_C@_05MKKEDADM@?$CF?42X?5?$AA@ 10026ac4     MSVCRTD:_error_.obj
 0003:00001acc       ??_C@_0DE@OHJBPMBP@A?5variable?5is?5being?5used?5without@ 10026acc     MSVCRTD:_error_.obj
 0003:00001b0c       __pDefaultRawDllMain       10026b0c     MSVCRTD:crtdll.obj
 0003:00001b0c       __pRawDllMain              10026b0c     MSVCRTD:crtdll.obj
 0003:00001b10       ??_C@_0DA@FJPPCPEH@f?3?2dd?2vctools?2crt_bld?2self_x86?2c@ 10026b10     MSVCRTD:crtdll.obj
 0003:00001b4c       ??_C@_0BP@OGBCLIBO@Stack?5around?5_alloca?5corrupted?$AA@ 10026b4c     MSVCRTD:_userapi_.obj
 0003:00001b74       ??_C@_0CK@CNLNOEPB@Local?5variable?5used?5before?5initi@ 10026b74     MSVCRTD:_userapi_.obj
 0003:00001ba8       ??_C@_0BI@CIGMDCBH@Stack?5memory?5corruption?$AA@ 10026ba8     MSVCRTD:_userapi_.obj
 0003:00001bc4       ??_C@_0CK@FEGOIOPB@Cast?5to?5smaller?5type?5causing?5los@ 10026bc4     MSVCRTD:_userapi_.obj
 0003:00001bf8       ??_C@_0BJ@HEGAHDFO@Stack?5pointer?5corruption?$AA@ 10026bf8     MSVCRTD:_userapi_.obj
 0003:00001c5c       ??_C@_01KDCPPGHE@r?$AA@    10026c5c     MSVCRTD:_pdblkup_.obj
 0003:00001c60       ??_C@_0BB@KCIACLNC@PDBOpenValidate5?$AA@ 10026c60     MSVCRTD:_pdblkup_.obj
 0003:00001c74       ??_C@_1CK@HHHCOJPD@?$AAE?$AAn?$AAv?$AAi?$AAr?$AAo?$AAn?$AAm?$AAe?$AAn?$AAt?$AAD?$AAi?$AAr?$AAe?$AAc?$AAt?$AAo?$AAr?$AAy?$AA?$AA@ 10026c74     MSVCRTD:_pdblkup_.obj
 0003:00001ca8       ??_C@_1FM@DNCABAP@?$AAS?$AAO?$AAF?$AAT?$AAW?$AAA?$AAR?$AAE?$AA?2?$AAM?$AAi?$AAc?$AAr?$AAo?$AAs?$AAo?$AAf?$AAt?$AA?2?$AAV?$AAi?$AAs?$AAu?$AAa?$AAl?$AAS?$AAt?$AAu?$AAd?$AAi?$AAo?$AA?2@ 10026ca8     MSVCRTD:_pdblkup_.obj
 0003:00001d18       ??_C@_0M@HLOHPNFA@RegCloseKey?$AA@ 10026d18     MSVCRTD:_pdblkup_.obj
 0003:00001d28       ??_C@_0BB@GLNAEDBD@RegQueryValueExW?$AA@ 10026d28     MSVCRTD:_pdblkup_.obj
 0003:00001d3c       ??_C@_0O@COHOBMLB@RegOpenKeyExW?$AA@ 10026d3c     MSVCRTD:_pdblkup_.obj
 0003:00001d4c       ??_C@_1BK@GAEMIDIL@?$AAA?$AAD?$AAV?$AAA?$AAP?$AAI?$AA3?$AA2?$AA?4?$AAD?$AAL?$AAL?$AA?$AA@ 10026d4c     MSVCRTD:_pdblkup_.obj
 0003:00001d6c       ?ProcessDetach@NativeDll@<CrtImplementationDetails>@@0IB 10026d6c     MSVCRTD:tncleanup.obj
 0003:00001d70       ?ProcessAttach@NativeDll@<CrtImplementationDetails>@@0IB 10026d70     MSVCRTD:tncleanup.obj
 0003:00001d74       ?ThreadAttach@NativeDll@<CrtImplementationDetails>@@0IB 10026d74     MSVCRTD:tncleanup.obj
 0003:00001d78       ?ThreadDetach@NativeDll@<CrtImplementationDetails>@@0IB 10026d78     MSVCRTD:tncleanup.obj
 0003:00001d7c       ?ProcessVerifier@NativeDll@<CrtImplementationDetails>@@0IB 10026d7c     MSVCRTD:tncleanup.obj
 0003:00002070       ___rtc_iaa                 10027070     MSVCRTD:_initsect_.obj
 0003:00002280       ___rtc_izz                 10027280     MSVCRTD:_initsect_.obj
 0003:00002384       ___rtc_taa                 10027384     MSVCRTD:_initsect_.obj
 0003:00002594       ___rtc_tzz                 10027594     MSVCRTD:_initsect_.obj
 0004:00000000       ?TriggerLightningGlow@@3P6AXKHKK@ZA 10028000     Plugin_Renaissance.obj
 0004:00000004       ?TriggerFlareSparks@@3P6AXHHHHHHKK@ZA 10028004     Plugin_Renaissance.obj
 0004:00000008       ?RemoveActiveItem@@3P6AXF@ZA 10028008     Plugin_Renaissance.obj
 0004:0000000c       ?ItemNearLara@@3P6A_NPAXH@ZA 1002800c     Plugin_Renaissance.obj
 0004:00000010       ?TriggerSuperJetFlame@@3P6AXPAUStrItemTr4@@HH@ZA 10028010     Plugin_Renaissance.obj
 0004:00000014       ?StopSoundEffect@@3P6AXF@ZA 10028014     Plugin_Renaissance.obj
 0004:00000018       ?LaraTorch@@3P6AXPAUStrMovePosition@@0GH@ZA 10028018     Plugin_Renaissance.obj
 0004:0000001c       ?TriggerDynamic@@3P6AXHHHHEEE@ZA 1002801c     Plugin_Renaissance.obj
 0004:00000020       ?have_i_got_object@@3P6A_NH@ZA 10028020     Plugin_Renaissance.obj
 0004:00000024       ?SOUND_EndScene@@3P6AXXZA  10028024     Plugin_Renaissance.obj
 0004:00000028       ?IsComandoPremuto@@3P6A_NH@ZA 10028028     Plugin_Renaissance.obj
 0004:0000002c       ?S_DumpScreen@@3P6AXXZA    1002802c     Plugin_Renaissance.obj
 0004:00000030       ?CreateMonoScreen@@3P6AXXZA 10028030     Plugin_Renaissance.obj
 0004:00000034       ?FreeMonoScreen@@3P6AXXZA  10028034     Plugin_Renaissance.obj
 0004:00000038       ?TIME_Init@@3P6AXXZA       10028038     Plugin_Renaissance.obj
 0004:0000003c       ?SetD3DViewMatrix@@3P6AXXZA 1002803c     Plugin_Renaissance.obj
 0004:00000040       ?IsRoomOutside@@3P6AXKHK@ZA 10028040     Plugin_Renaissance.obj
 0004:00000044       ?UpdateLaraRoom@@3P6AXPAUStrItemTr4@@H@ZA 10028044     Plugin_Renaissance.obj
 0004:00000048       ?DoFlareLight@@3P6AXPAUStrMovePosition@@H@ZA 10028048     Plugin_Renaissance.obj
 0004:0000004c       ?KillActiveBaddies@@3P6AXPAUStrItemTr4@@@ZA 1002804c     Plugin_Renaissance.obj
 0004:00000050       ?AnimateItem@@3P6AXPAUStrItemTr4@@@ZA 10028050     Plugin_Renaissance.obj
 0004:00000054       ?InitialiseCamera@@3P6AXXZA 10028054     Plugin_Renaissance.obj
 0004:00000058       ?SetMapRoom@@3P6AXXZA      10028058     Plugin_Renaissance.obj
 0004:0000005c       ?MoveLaraPosition@@3P6A_NPAUStrMovePosition@@PAUStrItemTr4@@1@ZA 1002805c     Plugin_Renaissance.obj
 0004:00000060       ?TestLaraPosition@@3P6A_NPAUStrTestPosition@@PAUStrItemTr4@@1@ZA 10028060     Plugin_Renaissance.obj
 0004:00000064       ?GetBoundsAccurate@@3P6APAUStrBoxCollisione@@PAUStrItemTr4@@@ZA 10028064     Plugin_Renaissance.obj
 0004:00000068       ?GetStringLength@@3P6AHPADPAF1@ZA 10028068     Plugin_Renaissance.obj
 0004:0000006c       ?freeTr4@@3P6AXPAX@ZA      1002806c     Plugin_Renaissance.obj
 0004:00000070       ?GetFlameTorch@@3P6AXXZA   10028070     Plugin_Renaissance.obj
 0004:00000074       ?SetFogColor@@3P6AXHHH@ZA  10028074     Plugin_Renaissance.obj
 0004:00000078       ?ExplosionFX@@3P6AXXZA     10028078     Plugin_Renaissance.obj
 0004:0000007c       ?ShatterObject@@3P6AXPAXPAUStrMeshInfo@@GGH@ZA 1002807c     Plugin_Renaissance.obj
 0004:00000080       ?S_UpdateInput@@3P6AXXZA   10028080     Plugin_Renaissance.obj
 0004:00000084       ?S_CDStop@@3P6AXXZA        10028084     Plugin_Renaissance.obj
 0004:00000088       ?FlipMap@@3P6AXH@ZA        10028088     Plugin_Renaissance.obj
 0004:0000008c       ?InitialiseSpotCam@@3P6AXG@ZA 1002808c     Plugin_Renaissance.obj
 0004:00000090       ?RefreshCamera@@3P6AXGPAG@ZA 10028090     Plugin_Renaissance.obj
 0004:00000094       ?TestBoundCollide@@3P6A_NPAUStrItemTr4@@0H@ZA 10028094     Plugin_Renaissance.obj
 0004:00000098       ?GetCollidedObjects@@3P6AHPAUStrItemTr4@@H_NQAPAU1@PAUStrMeshInfo@@1@ZA 10028098     Plugin_Renaissance.obj
 0004:0000009c       ?TestBlockPush@@3P6A_NPAUStrItemTr4@@HF@ZA 1002809c     Plugin_Renaissance.obj
 0004:000000a0       ?SetFade@@3P6AXHH@ZA       100280a0     Plugin_Renaissance.obj
 0004:000000a4       ?BikeCollideStaticObjects@@3P6AXKHKFH@ZA 100280a4     Plugin_Renaissance.obj
 0004:000000a8       ?BikeBaddieCollision@@3P6AXPAUStrItemTr4@@@ZA 100280a8     Plugin_Renaissance.obj
 0004:000000ac       ?Splash@@3P6AXPAUStrItemTr4@@@ZA 100280ac     Plugin_Renaissance.obj
 0004:000000b0       ?GetWaterHeight@@3P6AHKHKF@ZA 100280b0     Plugin_Renaissance.obj
 0004:000000b4       ?TestTriggers@@3P6AXPAXHH@ZA 100280b4     Plugin_Renaissance.obj
 0004:000000b8       ?GetBestFrame@@3P6APAUStrBoxCollisione@@PAUStrItemTr4@@@ZA 100280b8     Plugin_Renaissance.obj
 0004:000000bc       ?sgSaveGame@@3P6AXXZA      100280bc     Plugin_Renaissance.obj
 0004:000000c0       ?S_InitialisePolyList@@3P6AXXZA 100280c0     Plugin_Renaissance.obj
 0004:000000c4       ?S_LoadGame@@3P6AXH@ZA     100280c4     Plugin_Renaissance.obj
 0004:000000c8       ?S_SaveGame@@3P6AXH@ZA     100280c8     Plugin_Renaissance.obj
 0004:000000cc       ?LaraTestClimbPos@@3P6A_NPAUStrItemTr4@@HHHHPAH@ZA 100280cc     Plugin_Renaissance.obj
 0004:000000d0       ?lara_col_climbright@@3P6AXPAUStrItemTr4@@PAUStrCollisionLara@@@ZA 100280d0     Plugin_Renaissance.obj
 0004:000000d4       ?LaraCheckForLetGo@@3P6A_NPAUStrItemTr4@@PAUStrCollisionLara@@@ZA 100280d4     Plugin_Renaissance.obj
 0004:000000d8       ?LaraClimbRightCornerTest@@3P6AHPAUStrItemTr4@@PAUStrCollisionLara@@@ZA 100280d8     Plugin_Renaissance.obj
 0004:000000dc       ?LaraClimbLeftCornerTest@@3P6AHPAUStrItemTr4@@PAUStrCollisionLara@@@ZA 100280dc     Plugin_Renaissance.obj
 0004:000000e0       ?LaraHangRightCornerTest@@3P6AHPAUStrItemTr4@@PAUStrCollisionLara@@@ZA 100280e0     Plugin_Renaissance.obj
 0004:000000e4       ?LaraHangLeftCornerTest@@3P6AHPAUStrItemTr4@@PAUStrCollisionLara@@@ZA 100280e4     Plugin_Renaissance.obj
 0004:000000e8       ?CanLaraHangSideways@@3P6A_NPAUStrItemTr4@@PAUStrCollisionLara@@H@ZA 100280e8     Plugin_Renaissance.obj
 0004:000000ec       ?KillEffect@@3P6AXG@ZA     100280ec     Plugin_Renaissance.obj
 0004:000000f0       ?AddDisplayPickup@@3P6AXH@ZA 100280f0     Plugin_Renaissance.obj
 0004:000000f4       ?Draw2DSprite@@3P6AXHHHKH@ZA 100280f4     Plugin_Renaissance.obj
 0004:000000f8       ?phd_RotY@@3P6AXG@ZA       100280f8     Plugin_Renaissance.obj
 0004:000000fc       ?TriggerActive@@3P6A_NPAUStrItemTr4@@@ZA 100280fc     Plugin_Renaissance.obj
 0004:00000100       ?ItemPushLara@@3P6AXPAUStrItemTr4@@0PAUStrCollisionLara@@_NH@ZA 10028100     Plugin_Renaissance.obj
 0004:00000104       ?TriggerExhaustSmoke@@3P6AXKHKGHH@ZA 10028104     Plugin_Renaissance.obj
 0004:00000108       ?AddFire@@3P6AXKHKHGH@ZA   10028108     Plugin_Renaissance.obj
 0004:0000010c       ?TriggerGunSmoke@@3P6AXKHKHHHHHH@ZA 1002810c     Plugin_Renaissance.obj
 0004:00000110       ?GetJointAbsPosition@@3P6AXPAUStrItemTr4@@PAUStrMovePosition@@H@ZA 10028110     Plugin_Renaissance.obj
 0004:00000114       ?GetRandomControl@@3P6AHXZA 10028114     Plugin_Renaissance.obj
 0004:00000118       ?DoBloodSplat@@3P6AXKHKHGG@ZA 10028118     Plugin_Renaissance.obj
 0004:0000011c       ?DoLotsOfBlood@@3P6AXKHKHGGH@ZA 1002811c     Plugin_Renaissance.obj
 0004:00000120       ?GetCeiling@@3P6AHPAXKHK@ZA 10028120     Plugin_Renaissance.obj
 0004:00000124       ?S_OutputPolyList@@3P6AXXZA 10028124     Plugin_Renaissance.obj
 0004:00000128       ?OnTwoBlockPlatform@@3P6A_NPAUStrItemTr4@@KK@ZA 10028128     Plugin_Renaissance.obj
 0004:0000012c       ?SoundStopAllSamples@@3P6AXXZA 1002812c     Plugin_Renaissance.obj
 0004:00000130       ?WinFrameRate@@3P6AHXZA    10028130     Plugin_Renaissance.obj
 0004:00000134       ?ItemNewRoom@@3P6AXHG@ZA   10028134     Plugin_Renaissance.obj
 0004:00000138       ?AddActiveItem@@3P6AXF@ZA  10028138     Plugin_Renaissance.obj
 0004:0000013c       ?SetCutSceneCamera@@3P6AXPAUStrItemTr4@@@ZA 1002813c     Plugin_Renaissance.obj
 0004:00000140       ?AlterFOV@@3P6AXG@ZA       10028140     Plugin_Renaissance.obj
 0004:00000144       ?SetScreenFadeOut@@3P6AXGH@ZA 10028144     Plugin_Renaissance.obj
 0004:00000148       ?SetScreenFadeIn@@3P6AXG@ZA 10028148     Plugin_Renaissance.obj
 0004:0000014c       ?CreatureActive@@3P6A_NF@ZA 1002814c     Plugin_Renaissance.obj
 0004:00000150       ?ScaleCurrentMatrix@@3P6AXPAUStrTripla@@@ZA 10028150     Plugin_Renaissance.obj
 0004:00000154       ?convert_obj_to_invobj@@3P6AHF@ZA 10028154     Plugin_Renaissance.obj
 0004:00000158       ?DrawThreeDeeObject2D@@3P6AXHHHHHHHHH@ZA 10028158     Plugin_Renaissance.obj
 0004:0000015c       ?GetHeight@@3P6AHPAXKHK@ZA 1002815c     Plugin_Renaissance.obj
 0004:00000160       ?GetFloor@@3P6APAXKHKPAF@ZA 10028160     Plugin_Renaissance.obj
 0004:00000164       ?AlterFloorHeight@@3P6AXPAUStrItemTr4@@H@ZA 10028164     Plugin_Renaissance.obj
 0004:00000168       ?CreatureDie@@3P6AXH_N@ZA  10028168     Plugin_Renaissance.obj
 0004:0000016c       ?KillItem@@3P6AXG@ZA       1002816c     Plugin_Renaissance.obj
 0004:00000170       ?TriggerUnderwaterExplosion@@3P6AXPAUStrItemTr4@@_N@ZA 10028170     Plugin_Renaissance.obj
 0004:00000174       ?TriggerExplosionSparks@@3P6AXKHKHHHH@ZA 10028174     Plugin_Renaissance.obj
 0004:00000178       ?DoBar@@3P6AHHHHHHKK@ZA    10028178     Plugin_Renaissance.obj
 0004:0000017c       ?StopAllSounds@@3P6AXXZA   1002817c     Plugin_Renaissance.obj
 0004:00000180       ?IsChannelPlaying@@3P6A_NH@ZA 10028180     Plugin_Renaissance.obj
 0004:00000184       ?StopEffect@@3P6AXH@ZA     10028184     Plugin_Renaissance.obj
 0004:00000188       ?SoundEffect@@3P6AXHPAXH@ZA 10028188     Plugin_Renaissance.obj
 0004:0000018c       ?S_CDPlay@@3P6AXHH@ZA      1002818c     Plugin_Renaissance.obj
 0004:00000190       ?PrintString@@3P6AXHHGPADG@ZA 10028190     Plugin_Renaissance.obj
 0004:00000194       ?LaraBurn@@3P6AXXZA        10028194     Plugin_Renaissance.obj
 0004:00000198       ?BikeExplode@@3P6AXPAUStrItemTr4@@@ZA 10028198     Plugin_Renaissance.obj
 0004:0000019c       ?ControlJeep@@3P6AHF@ZA    1002819c     Plugin_Renaissance.obj
 0004:000001a0       ?ControlSideCar@@3P6AHF@ZA 100281a0     Plugin_Renaissance.obj
 0004:000001a4       ?MuoviTelecamera@@3P6AHPAXH@ZA 100281a4     Plugin_Renaissance.obj
 0004:000001a8       ?GestioneTitleEMenu@@3P6AXHH@ZA 100281a8     Plugin_Renaissance.obj
 0004:000001ac       ?tombRilocaCambiaStanzaDiCamera@@3P6AXH@ZA 100281ac     Plugin_Renaissance.obj
 0004:000001b0       ?tombCicloPrincipale@@3P6AHHH@ZA 100281b0     Plugin_Renaissance.obj
 0004:000001b4       ?tombInviaLog@@3P6AXHPAD@ZA 100281b4     Plugin_Renaissance.obj
 0004:000001b8       ?pcMostraMessaggio@@3P6AXPAD@ZA 100281b8     Plugin_Renaissance.obj
 0004:000001bc       ?DrawFlash@@3P6AXXZA       100281bc     Plugin_Renaissance.obj
 0004:000001c0       ?InviaMessaggioLog@@3P6AXHQAD@ZA 100281c0     Plugin_Renaissance.obj
 0004:000001c4       ?phd_PushMatrix@@3P6AXXZA  100281c4     Plugin_Renaissance.obj
 0004:000001c8       ?phd_TranslateAbs@@3P6AXKHK@ZA 100281c8     Plugin_Renaissance.obj
 0004:000001cc       ?phd_RotYXZ@@3P6AXFFF@ZA   100281cc     Plugin_Renaissance.obj
 0004:000001d0       ?phd_PutPolygons_train@@3P6AXPAUStrMeshTr4@@H@ZA 100281d0     Plugin_Renaissance.obj
 0004:000001d4       ?GetFreeScarab@@3P6AHXZA   100281d4     Plugin_Renaissance.obj
 0004:000001d8       ?LOS@@3P6AHPAUGAME_VECTOR@@0@ZA 100281d8     Plugin_Renaissance.obj
 0004:000001dc       ?mGetAngle@@3P6AHKKKK@ZA   100281dc     Plugin_Renaissance.obj
 0004:000001e0       ?TriggerSmallSplash@@3P6AXKHKH@ZA 100281e0     Plugin_Renaissance.obj
 0004:000001e4       ?CreateBubble@@3P6AXPAUStrPosizione@@GHH@ZA 100281e4     Plugin_Renaissance.obj
 0004:000001e8       ?SetupRipple@@3P6AXKHKHH@ZA 100281e8     Plugin_Renaissance.obj
 0004:000001ec       ?insert_object_into_list_v2@@3P6AXH@ZA 100281ec     Plugin_Renaissance.obj
 0004:000001f0       ?AlignLaraPosition@@3P6A_NPAUStrMovePosition@@PAUStrItemTr4@@1@ZA 100281f0     Plugin_Renaissance.obj
 0004:000001f4       ?GetWaterDepth@@3P6AHKHKF@ZA 100281f4     Plugin_Renaissance.obj
 0004:000001f8       ?S_GetObjectBounds@@3P6APAHPAUStrBoxCollisione@@@ZA 100281f8     Plugin_Renaissance.obj
 0004:000001fc       ?ACMSetVolume@@3P6AXXZA    100281fc     Plugin_Renaissance.obj
 0004:00000200       ?EffettoShockwaveBaboon@@3P6AXPAUStrItemTr4@@@ZA 10028200     Plugin_Renaissance.obj
 0004:00000204       ?ControlMineHelicopter@@3P6AXHPAX@ZA 10028204     Plugin_Renaissance.obj
 0004:00000208       ?DoHarpyEffects@@3P6AXPAUStrItemTr4@@H@ZA 10028208     Plugin_Renaissance.obj
 0004:0000020c       ?TriggerRiseEffect@@3P6AXPAUStrItemTr4@@@ZA 1002820c     Plugin_Renaissance.obj
 0004:00000210       ?DrawSprite@@3P6AXHHHKKK@ZA 10028210     Plugin_Renaissance.obj
 0004:00000214       ?TriggerLightning@@3P6AXPAUStrPosizione@@0EKHHH@ZA 10028214     Plugin_Renaissance.obj
 0004:00000218       ?SubBridgeTilt@@3P6AHPAUStrItemTr4@@KK@ZA 10028218     Plugin_Renaissance.obj
 0004:0000021c       ?GetTiltType@@3P6AGPAXKHK@ZA 1002821c     Plugin_Renaissance.obj
 0004:00000220       ?S_SoundSampleIsPlaying@@3P6A_NG@ZA 10028220     Plugin_Renaissance.obj
 0004:00000224       ?TestCollision@@3P6AKPAUStrItemTr4@@0@ZA 10028224     Plugin_Renaissance.obj
 0004:00000228       ?ObjectOnLOS2@@3P6AHPAUGAME_VECTOR@@0PAUStrPosizione@@PAPAUStrMeshInfo@@@ZA 10028228     Plugin_Renaissance.obj
 0004:0000022c       ?DoSlider@@3P6AXHHHHHKKK@ZA 1002822c     Plugin_Renaissance.obj
 0004:00000230       ?DisableBaddieAI@@3P6AXF@ZA 10028230     Plugin_Renaissance.obj
 0004:00000234       ?EnableBaddieAI@@3P6AHFH@ZA 10028234     Plugin_Renaissance.obj
 0004:00000238       ?GetAITarget@@3P6AXPAUcreature_info@@@ZA 10028238     Plugin_Renaissance.obj
 0004:0000023c       ?CreatureAIInfo@@3P6AXPAUStrItemTr4@@PAUAI_info@@@ZA 1002823c     Plugin_Renaissance.obj
 0004:00000240       ?phd_atan@@3P6AHHH@ZA      10028240     Plugin_Renaissance.obj
 0004:00000244       ?GetCreatureMood@@3P6AXPAUStrItemTr4@@PAUAI_info@@H@ZA 10028244     Plugin_Renaissance.obj
 0004:00000248       ?CreatureMood@@3P6AXPAUStrItemTr4@@PAUAI_info@@H@ZA 10028248     Plugin_Renaissance.obj
 0004:0000024c       ?AlertAllGuards@@3P6AXF@ZA 1002824c     Plugin_Renaissance.obj
 0004:00000250       ?CreatureEffect@@3P6AFPAUStrItemTr4@@PAUbite_info@@P6AFKHKHGG@Z@ZA 10028250     Plugin_Renaissance.obj
 0004:00000254       ?CreatureTilt@@3P6AXPAUStrItemTr4@@F@ZA 10028254     Plugin_Renaissance.obj
 0004:00000258       ?CreatureJoint@@3P6AXPAUStrItemTr4@@FF@ZA 10028258     Plugin_Renaissance.obj
 0004:0000025c       ?CreatureAnimation@@3P6AHFFF@ZA 1002825c     Plugin_Renaissance.obj
 0004:00000260       ?CreatureTurn@@3P6AFPAUStrItemTr4@@F@ZA 10028260     Plugin_Renaissance.obj
 0004:00000264       ?CreatureUnderwater@@3P6AXPAUStrItemTr4@@H@ZA 10028264     Plugin_Renaissance.obj
 0004:00000268       ?CreatureFloat@@3P6AXF@ZA  10028268     Plugin_Renaissance.obj
 0004:0000026c       ?BadFloor@@3P6AHHHHHHFPAUlot_info@@@ZA 1002826c     Plugin_Renaissance.obj
 0004:00000270       ?CreatureCreature@@3P6AHF@ZA 10028270     Plugin_Renaissance.obj
 0004:00000274       ?ValidBox@@3P6AHPAUStrItemTr4@@FF@ZA 10028274     Plugin_Renaissance.obj
 0004:00000278       ?EscapeBox@@3P6AXPAUStrItemTr4@@0F@ZA 10028278     Plugin_Renaissance.obj
 0004:0000027c       ?TargetBox@@3P6AXPAUlot_info@@F@ZA 1002827c     Plugin_Renaissance.obj
 0004:00000280       ?SearchLOT@@3P6AHPAUlot_info@@H@ZA 10028280     Plugin_Renaissance.obj
 0004:00000284       ?UpdateLOT@@3P6AHPAUlot_info@@H@ZA 10028284     Plugin_Renaissance.obj
 0004:00000288       ?InitialiseCreature@@3P6AXF@ZA 10028288     Plugin_Renaissance.obj
 0004:0000028c       ?CreatureVault@@3P6AHFFHH@ZA 1002828c     Plugin_Renaissance.obj
 0004:00000290       ?CreatureKill@@3P6AXPAUStrItemTr4@@HHH@ZA 10028290     Plugin_Renaissance.obj
 0004:00000294       ?AlertNearbyGuards@@3P6AXPAUStrItemTr4@@@ZA 10028294     Plugin_Renaissance.obj
 0004:00000298       ?AIGuard@@3P6AFPAUcreature_info@@@ZA 10028298     Plugin_Renaissance.obj
 0004:0000029c       ?SameZone@@3P6AFPAUcreature_info@@PAUStrItemTr4@@@ZA 1002829c     Plugin_Renaissance.obj
 0004:000002a0       ?AdjustStopperFlag@@3P6AXPAUStrItemTr4@@JJ@ZA 100282a0     Plugin_Renaissance.obj
 0004:000002a4       ?CreateEffect@@3P6AFF@ZA   100282a4     Plugin_Renaissance.obj
 0004:000002a8       ?TargetVisible@@3P6AHPAUStrItemTr4@@PAUAI_info@@@ZA 100282a8     Plugin_Renaissance.obj
 0004:000002ac       ?Targetable@@3P6AHPAUStrItemTr4@@PAUAI_info@@@ZA 100282ac     Plugin_Renaissance.obj
 0004:000002b0       ?GunShot@@3P6AFHHHFFF@ZA   100282b0     Plugin_Renaissance.obj
 0004:000002b4       ?GunHit@@3P6AFHHHFFF@ZA    100282b4     Plugin_Renaissance.obj
 0004:000002b8       ?GunMiss@@3P6AFHHHFFF@ZA   100282b8     Plugin_Renaissance.obj
 0004:000002bc       ?ShotLara@@3P6AHPAUStrItemTr4@@PAUAI_info@@PAUbite_info@@FH@ZA 100282bc     Plugin_Renaissance.obj
 0004:000002c0       ?phd_TranslateRel@@3P6AXHHH@ZA 100282c0     Plugin_Renaissance.obj
 0004:000002c4       ?phd_RotX@@3P6AXF@ZA       100282c4     Plugin_Renaissance.obj
 0004:000002c8       ?phd_RotZ@@3P6AXF@ZA       100282c8     Plugin_Renaissance.obj
 0004:000002cc       ?gar_RotYXZsuperpack@@3P6AXPAPAFH@ZA 100282cc     Plugin_Renaissance.obj
 0004:000002d0       ?ShiftItem@@3P6AXPAUStrItemTr4@@PAUStrCollisionLara@@@ZA 100282d0     Plugin_Renaissance.obj
 0004:000002d4       ?LaraBaddieCollision@@3P6AXPAUStrItemTr4@@PAUStrCollisionLara@@@ZA 100282d4     Plugin_Renaissance.obj
 0004:000002d8       ?CreatureCollision@@3P6AXFPAUStrItemTr4@@PAUStrCollisionLara@@@ZA 100282d8     Plugin_Renaissance.obj
 0004:000002dc       ?DetachSpark@@3P6AXJJ@ZA   100282dc     Plugin_Renaissance.obj
 0004:000002e0       ?GetFreeSpark@@3P6AJXZA    100282e0     Plugin_Renaissance.obj
 0004:000003b0       ___security_cookie         100283b0     MSVCRTD:gs_cookie.obj
 0004:000003b4       ___security_cookie_complement 100283b4     MSVCRTD:gs_cookie.obj
 0004:000003b8       ?_RTC_ErrorLevels@@3PAHA   100283b8     MSVCRTD:_error_.obj
 0004:000003d0       ___native_dllmain_reason   100283d0     MSVCRTD:natstart.obj
 0004:000003d4       ___native_vcclrit_reason   100283d4     MSVCRTD:natstart.obj
 0004:000004e0       ?SearchObject3TestPosition@@3UStrTestPositionCmd@@A 100284e0     Plugin_Renaissance.obj
 0004:00000500       ?TexMyPluginName@@3PADA    10028500     Plugin_Renaissance.obj
 0004:00000550       ?NoFlyby@@3HA              10028550     Plugin_Renaissance.obj
 0004:00000554       ?StepRight@@3_NA           10028554     Plugin_Renaissance.obj
 0004:00000558       ?MyData@@3UStrMyData@@A    10028558     Plugin_Renaissance.obj
 0004:00001518       ?SearchObject1TestPosition@@3UStrTestPositionCmd@@A 10029518     Plugin_Renaissance.obj
 0004:0000153c       ?SearchObject2TestPosition@@3UStrTestPositionCmd@@A 1002953c     Plugin_Renaissance.obj
 0004:0000155c       ?SearchObject4TestPosition@@3UStrTestPositionCmd@@A 1002955c     Plugin_Renaissance.obj
 0004:0000157c       ?OldZoom@@3HA              1002957c     Plugin_Renaissance.obj
 0004:00001580       ?MyDllInstance@@3PAUHINSTANCE__@@A 10029580     Plugin_Renaissance.obj
 0004:00001584       ?MyTomb4PatcherAddress@@3KA 10029584     Plugin_Renaissance.obj
 0004:00001588       ?SubPatchArray@@3PAPAXA    10029588     Plugin_Renaissance.obj
 0004:000018e8       ?enumCONV@@3UStrEnumCONV@@A 100298e8     trng.obj
 0004:00001918       ?enumADD@@3UStrEnumADD@@A  10029918     trng.obj
 0004:00001938       ?enumENV@@3UStrEnumENV@@A  10029938     trng.obj
 0004:00001a84       ?enumFIL@@3UStrEnumFIL@@A  10029a84     trng.obj
 0004:00001a9c       ?TempStaticIndex@@3GA      10029a9c     trng.obj
 0004:00001ca0       ?enumORIENT@@3UStrEnumORIENT@@A 10029ca0     trng.obj
 0004:00001cc0       ?enumSSLOT@@3UStrEnumSSLOT@@A 10029cc0     trng.obj
 0004:00001f44       ?enumD3D@@3UStrEnumD3D@@A  10029f44     trng.obj
 0004:00001f5c       ?enumMESH@@3UStrEnumMESH@@A 10029f5c     trng.obj
 0004:00001f98       ?enumDGX@@3UStrEnumDGX@@A  10029f98     trng.obj
 0004:00001fd8       ?enumSTRING@@3UStrEnumSTRING@@A 10029fd8     trng.obj
 0004:00002208       ?enumSRV@@3UStrEnumSRV@@A  1002a208     trng.obj
 0004:000022fc       ?enumIRET@@3UStrEnumIRET@@A 1002a2fc     trng.obj
 0004:00002308       ?COLLIDE@@3UStrCollisionLast@@A 1002a308     trng.obj
 0004:00002344       ?enumLLF@@3UStrEnumLLF@@A  1002a344     trng.obj
 0004:00002358       ?enumSLEV@@3UStrEnumSLEV@@A 1002a358     trng.obj
 0004:000023a8       ?LOF@@3UStrLOFData@@A      1002a3a8     trng.obj
 0004:000023e0       ?enumFL@@3UStrEnumFL@@A    1002a3e0     trng.obj
 0004:000023fc       ?enumRIB@@3UStrEnumRIB@@A  1002a3fc     trng.obj
 0004:00002430       ?FIND@@3UStrFind@@A        1002a430     trng.obj
 0004:000038e0       ?enumFL2@@3UStrEnumFL2@@A  1002b8e0     trng.obj
 0004:000038fc       ?enumFT@@3UStrEnumFT@@A    1002b8fc     trng.obj
 0004:0000391c       ?enumCBT@@3UStrEnumCBT@@A  1002b91c     trng.obj
 0004:00003938       ?enumHOLD@@3UStrEnumHOLD@@A 1002b938     trng.obj
 0004:0000397c       ?enumSKIP@@3UStrEnumSKIP@@A 1002b97c     trng.obj
 0004:000039a8       ?enumEX16@@3UStrEnumEX16@@A 1002b9a8     trng.obj
 0004:000039e8       ?FLOOR@@3UStrFloorAnalyse@@A 1002b9e8     trng.obj
 0004:00003a34       ?enumPRET@@3UStrEnumPRET@@A 1002ba34     trng.obj
 0004:00003a40       ?enumSLOT@@3UStrEnumSLOT@@A 1002ba40     trng.obj
 0004:00004264       ?Trng@@3UStrTrngInfos@@A   1002c264     trng.obj
 0004:00004298       ?BufferLog@@3PADA          1002c298     trng.obj
 0004:00005298       ?enumMEMT@@3UStrEnumMEMT@@A 1002d298     trng.obj
 0004:000052b0       ?TempRoomIndex@@3GA        1002d2b0     trng.obj
 0004:000052b4       ?enumEDGX@@3UStrEnumEDGX@@A 1002d2b4     trng.obj
 0004:000052d4       ?enumSLOPE@@3UStrEnumSLOPE@@A 1002d2d4     trng.obj
 0004:000052e8       ?enumCMD@@3UStrEnumCMD@@A  1002d2e8     trng.obj
 0004:00005340       ?enumPCOMBO@@3UStrEnumPCOMBO@@A 1002d340     trng.obj
 0004:00005380       ?enumFAN@@3UStrEnumFAN@@A  1002d380     trng.obj
 0004:000053e4       ?enumFROOM@@3UStrEnumFROOM@@A 1002d3e4     trng.obj
 0004:00005418       ?GET@@3UStrGetLocator@@A   1002d418     trng.obj
 0004:0000566c       ?enumSRET@@3UStrEnumSRET@@A 1002d66c     trng.obj
 0004:00005678       ?enumCOMBO@@3UStrEnumCOMBO@@A 1002d678     trng.obj
 0004:000056b8       ?enumCB@@3UStrEnumCB@@A    1002d6b8     trng.obj
 0004:00005794       ?enumFTS@@3UStrEnumFTS@@A  1002d794     trng.obj
 0004:000057a8       ?enumKCOMBO@@3UStrEnumKCOMBO@@A 1002d7a8     trng.obj
 0004:000057e8       ?enumTRET@@3UStrEnumTRET@@A 1002d7e8     trng.obj
 0004:000059f8       ?enumGET@@3UStrEnumGET@@A  1002d9f8     trng.obj
 0004:00005a6c       ?enumSCANF@@3UStrEnumSCANF@@A 1002da6c     trng.obj
 0004:00005a8c       ?enumSC@@3UStrEnumSC@@A    1002da8c     trng.obj
 0004:00005aa8       ?enumWSKIN@@3UStrEnumWSKIN@@A 1002daa8     trng.obj
 0004:00005abc       ?enumCBEET@@3UStrEnumCBEET@@A 1002dabc     trng.obj
 0004:00005ac8       ?enumFITEM@@3UStrEnumFITEM@@A 1002dac8     trng.obj
 0004:00005b08       ?enumJOINT@@3UStrEnumJOINT@@A 1002db08     trng.obj
 0004:00005b40       ?enumFLH@@3UStrEnumFLH@@A  1002db40     trng.obj
 0004:00005b54       ?enumCTRET@@3UStrEnumCTRET@@A 1002db54     trng.obj
 0004:00005b74       ?enumAPPC@@3UStrEnumAPPC@@A 1002db74     trng.obj
 0004:00005bb0       ?enumFIND@@3UStrEnumFIND@@A 1002dbb0     trng.obj
 0004:00005bf4       ?enumCPU@@3UStrEnumCPU@@A  1002dbf4     trng.obj
 0004:00005c04       ?enumWTF@@3UStrEnumWTF@@A  1002dc04     trng.obj
 0004:00005c28       ?enumSMAIN@@3UStrEnumSMAIN@@A 1002dc28     trng.obj
 0004:00005c4c       ?enumFC@@3UStrEnumFC@@A    1002dc4c     trng.obj
 0004:00005c6c       ?enumDENV@@3UStrEnumDENV@@A 1002dc6c     trng.obj
 0004:00005c7c       ?enumCOLF@@3UStrEnumCOLF@@A 1002dc7c     trng.obj
 0004:00005c84       ?enumFSLOT@@3UStrEnumFSLOT@@A 1002dc84     trng.obj
 0004:00005cb8       ?enumFWEAP@@3UStrEnumFWEAP@@A 1002dcb8     trng.obj
 0004:00005ccc       ?enumPHASE@@3UStrEnumPHASE@@A 1002dccc     trng.obj
 0004:00005cf4       ?enumSAVT@@3UStrEnumSAVT@@A 1002dcf4     trng.obj
 0004:00006aa0       ?wsprintffp@@3P6AHPADPBDZZA 1002eaa0     MSVCRTD:_error_.obj
 0004:00006e84       ?__type_info_root_node@@3U__type_info_node@@A 1002ee84     MSVCRTD:tncleanup.obj
 0004:00006e90       ___native_startup_state    1002ee90     <common>
 0004:00006ea0       ___native_startup_lock     1002eea0     <common>
 0004:00006ea4       ___onexitend               1002eea4     <common>
 0004:00006eb4       ___onexitbegin             1002eeb4     <common>
 0004:00006eb8       ___sse2_available          1002eeb8     <common>
 0004:00006ec4       ___dyn_tls_init_callback   1002eec4     <common>
 0005:00000000       __IMPORT_DESCRIPTOR_USER32 1002f000     user32:USER32.dll
 0005:00000014       __IMPORT_DESCRIPTOR_MSVCR100D 1002f014     MSVCRTD:MSVCR100D.dll
 0005:00000028       __IMPORT_DESCRIPTOR_KERNEL32 1002f028     kernel32:KERNEL32.dll
 0005:0000003c       __NULL_IMPORT_DESCRIPTOR   1002f03c     user32:USER32.dll
 0005:000001f4       __imp__GetSystemTimeAsFileTime@4 1002f1f4     kernel32:KERNEL32.dll
 0005:000001f8       __imp__GetCurrentThreadId@0 1002f1f8     kernel32:KERNEL32.dll
 0005:000001fc       __imp__GetTickCount@0      1002f1fc     kernel32:KERNEL32.dll
 0005:00000200       __imp__QueryPerformanceCounter@4 1002f200     kernel32:KERNEL32.dll
 0005:00000204       __imp__FreeLibrary@4       1002f204     kernel32:KERNEL32.dll
 0005:00000208       __imp__VirtualQuery@12     1002f208     kernel32:KERNEL32.dll
 0005:0000020c       __imp__GetModuleFileNameW@12 1002f20c     kernel32:KERNEL32.dll
 0005:00000210       __imp__GetProcessHeap@0    1002f210     kernel32:KERNEL32.dll
 0005:00000214       __imp__HeapAlloc@12        1002f214     kernel32:KERNEL32.dll
 0005:00000218       __imp__HeapFree@12         1002f218     kernel32:KERNEL32.dll
 0005:0000021c       __imp__SetUnhandledExceptionFilter@4 1002f21c     kernel32:KERNEL32.dll
 0005:00000220       __imp__UnhandledExceptionFilter@4 1002f220     kernel32:KERNEL32.dll
 0005:00000224       __imp__GetCurrentProcess@0 1002f224     kernel32:KERNEL32.dll
 0005:00000228       __imp__TerminateProcess@8  1002f228     kernel32:KERNEL32.dll
 0005:0000022c       __imp__IsProcessorFeaturePresent@4 1002f22c     kernel32:KERNEL32.dll
 0005:00000230       __imp__InterlockedCompareExchange@12 1002f230     kernel32:KERNEL32.dll
 0005:00000234       __imp__Sleep@4             1002f234     kernel32:KERNEL32.dll
 0005:00000238       __imp__InterlockedExchange@8 1002f238     kernel32:KERNEL32.dll
 0005:0000023c       __imp__DecodePointer@4     1002f23c     kernel32:KERNEL32.dll
 0005:00000240       __imp__EncodePointer@4     1002f240     kernel32:KERNEL32.dll
 0005:00000244       __imp__LoadLibraryW@4      1002f244     kernel32:KERNEL32.dll
 0005:00000248       __imp__GetProcAddress@8    1002f248     kernel32:KERNEL32.dll
 0005:0000024c       __imp__lstrlenA@4          1002f24c     kernel32:KERNEL32.dll
 0005:00000250       __imp__RaiseException@16   1002f250     kernel32:KERNEL32.dll
 0005:00000254       __imp__MultiByteToWideChar@24 1002f254     kernel32:KERNEL32.dll
 0005:00000258       __imp__IsDebuggerPresent@0 1002f258     kernel32:KERNEL32.dll
 0005:0000025c       __imp__WideCharToMultiByte@32 1002f25c     kernel32:KERNEL32.dll
 0005:00000260       __imp__GetCurrentProcessId@0 1002f260     kernel32:KERNEL32.dll
 0005:00000264       \177KERNEL32_NULL_THUNK_DATA 1002f264     kernel32:KERNEL32.dll
 0005:000002a4       __imp____clean_type_info_names_internal 1002f2a4     MSVCRTD:MSVCR100D.dll
 0005:000002a8       __imp___except_handler4_common 1002f2a8     MSVCRTD:MSVCR100D.dll
 0005:000002ac       __imp____dllonexit         1002f2ac     MSVCRTD:MSVCR100D.dll
 0005:000002b0       __imp___stricmp            1002f2b0     MSVCRTD:MSVCR100D.dll
 0005:000002b0       __imp__strcmpi             1002f2b0     MSVCRTD:MSVCR100D.dll
 0005:000002b4       __imp___onexit             1002f2b4     MSVCRTD:MSVCR100D.dll
 0005:000002b8       __imp___crt_debugger_hook  1002f2b8     MSVCRTD:MSVCR100D.dll
 0005:000002bc       __imp____CppXcptFilter     1002f2bc     MSVCRTD:MSVCR100D.dll
 0005:000002c0       __imp___amsg_exit          1002f2c0     MSVCRTD:MSVCR100D.dll
 0005:000002c4       __imp___initterm_e         1002f2c4     MSVCRTD:MSVCR100D.dll
 0005:000002c8       __imp___initterm           1002f2c8     MSVCRTD:MSVCR100D.dll
 0005:000002cc       __imp___CrtSetCheckCount   1002f2cc     MSVCRTD:MSVCR100D.dll
 0005:000002d0       __imp___encoded_null       1002f2d0     MSVCRTD:MSVCR100D.dll
 0005:000002d4       __imp___free_dbg           1002f2d4     MSVCRTD:MSVCR100D.dll
 0005:000002d8       __imp___malloc_dbg         1002f2d8     MSVCRTD:MSVCR100D.dll
 0005:000002dc       __imp___CRT_RTC_INITW      1002f2dc     MSVCRTD:MSVCR100D.dll
 0005:000002e0       __imp__fopen               1002f2e0     MSVCRTD:MSVCR100D.dll
 0005:000002e4       __imp__fclose              1002f2e4     MSVCRTD:MSVCR100D.dll
 0005:000002e8       __imp__fread               1002f2e8     MSVCRTD:MSVCR100D.dll
 0005:000002ec       __imp__free                1002f2ec     MSVCRTD:MSVCR100D.dll
 0005:000002f0       __imp___stat64i32          1002f2f0     MSVCRTD:MSVCR100D.dll
 0005:000002f4       __imp__fseek               1002f2f4     MSVCRTD:MSVCR100D.dll
 0005:000002f8       __imp__ftell               1002f2f8     MSVCRTD:MSVCR100D.dll
 0005:000002fc       __imp__realloc             1002f2fc     MSVCRTD:MSVCR100D.dll
 0005:00000300       __imp__malloc              1002f300     MSVCRTD:MSVCR100D.dll
 0005:00000304       __imp__strcpy              1002f304     MSVCRTD:MSVCR100D.dll
 0005:00000308       __imp__memset              1002f308     MSVCRTD:MSVCR100D.dll
 0005:0000030c       __imp__sqrt                1002f30c     MSVCRTD:MSVCR100D.dll
 0005:00000310       __imp__vsprintf            1002f310     MSVCRTD:MSVCR100D.dll
 0005:00000314       __imp__abs                 1002f314     MSVCRTD:MSVCR100D.dll
 0005:00000318       __imp__memcpy              1002f318     MSVCRTD:MSVCR100D.dll
 0005:0000031c       __imp___unlock             1002f31c     MSVCRTD:MSVCR100D.dll
 0005:00000320       __imp___lock               1002f320     MSVCRTD:MSVCR100D.dll
 0005:00000324       \177MSVCR100D_NULL_THUNK_DATA 1002f324     MSVCRTD:MSVCR100D.dll
 0005:00000368       __imp__MessageBoxA@16      1002f368     user32:USER32.dll
 0005:0000036c       \177USER32_NULL_THUNK_DATA 1002f36c     user32:USER32.dll

 entry point at        0002:00000311

